MPLINK 5.08, LINKER
Linker Map File - Created Sun Nov 19 22:35:44 2017

                                 Section Info
                  Section       Type    Address   Location Size(Bytes)
                ---------  ---------  ---------  ---------  ---------
                   .org_0       code   0x000000    program   0x0000f6
                   .cinit    romdata   0x0000f6    program   0x000002
.config_300001_BUILD/DEFAULT/DEBUG/NEWASMTEMPLA    romdata   0x300001    program   0x000001
.config_300003_BUILD/DEFAULT/DEBUG/NEWASMTEMPLA    romdata   0x300003    program   0x000001



                              Program Memory Usage 
                               Start         End      
                           ---------   ---------      
                            0x000000    0x0000f7      
                            0x300001    0x300001      
                            0x300003    0x300003      
            250 out of 33048 program addresses used, program memory utilization is 0%



                              Symbols - Sorted by Name
                     Name    Address   Location    Storage File                     
                ---------  ---------  ---------  --------- ---------                
                  Initial   0x000000    program     static C:\Users\Lenovo\MPLABXProjects\F74057049_HW1.X\newAsmTemplate.asm
                    Table   0x000038    program     static C:\Users\Lenovo\MPLABXProjects\F74057049_HW1.X\newAsmTemplate.asm
                   finish   0x0000f4    program     static C:\Users\Lenovo\MPLABXProjects\F74057049_HW1.X\newAsmTemplate.asm
             special_case   0x0000f0    program     static C:\Users\Lenovo\MPLABXProjects\F74057049_HW1.X\newAsmTemplate.asm
                    start   0x000008    program     static C:\Users\Lenovo\MPLABXProjects\F74057049_HW1.X\newAsmTemplate.asm



                              Symbols - Sorted by Address
                     Name    Address   Location    Storage File                     
                ---------  ---------  ---------  --------- ---------                
                  Initial   0x000000    program     static C:\Users\Lenovo\MPLABXProjects\F74057049_HW1.X\newAsmTemplate.asm
                    start   0x000008    program     static C:\Users\Lenovo\MPLABXProjects\F74057049_HW1.X\newAsmTemplate.asm
                    Table   0x000038    program     static C:\Users\Lenovo\MPLABXProjects\F74057049_HW1.X\newAsmTemplate.asm
             special_case   0x0000f0    program     static C:\Users\Lenovo\MPLABXProjects\F74057049_HW1.X\newAsmTemplate.asm
                   finish   0x0000f4    program     static C:\Users\Lenovo\MPLABXProjects\F74057049_HW1.X\newAsmTemplate.asm


